---
source: src/args.rs
expression: validated
---
"Cannot use IPv4 only queries with an ipv6 source address (2001:db8::1)"
