---
source: src/args.rs
expression: validated
---
"Cannot use IPv6 only queries with an ipv4 source address (1.1.1.1)"
